// Jest Snapshot v1, https://goo.gl/fbAQLP

exports[`renders correctly 1`] = `
<nav
  className="Navigation"
>
  <ul>
    Content
  </ul>
</nav>
`;
