// Jest Snapshot v1, https://goo.gl/fbAQLP

exports[`renders correctly 1`] = `
<li
  className="NavigationLink"
>
  <NavLink
    activeClassName="active"
    exact={true}
    to="link"
  >
    Content
  </NavLink>
</li>
`;
